   Compiling proc-macro2 v1.0.107
   Compiling unicode-ident v1.0.26
   Compiling quote v1.0.47
   Compiling libc v0.2.190
   Compiling serde_core v1.0.229
   Compiling cfg-if v1.0.5
   Compiling serde v1.0.229
   Compiling typenum v1.20.1
   Compiling pin-project-lite v0.2.17
   Compiling bytes v1.12.1
   Compiling rand_core v0.10.1
   Compiling futures-core v0.3.34
   Compiling getrandom v0.4.3
   Compiling log v0.4.34
   Compiling memchr v2.8.3
   Compiling hybrid-array v0.4.15
   Compiling shlex v2.0.1
   Compiling find-msvc-tools v0.1.14
   Compiling cc v1.6.0
   Compiling portable-atomic v1.15.0
   Compiling critical-section v1.2.0
   Compiling syn v3.0.6
   Compiling syn v2.0.119
   Compiling block-buffer v0.12.1
   Compiling futures-sink v0.3.34
   Compiling futures-io v0.3.34
   Compiling itoa v1.0.18
   Compiling cpufeatures v0.3.1
   Compiling slab v0.4.12
   Compiling futures-channel v0.3.34
   Compiling cfg_aliases v0.2.2
   Compiling subtle v2.6.1
   Compiling futures-task v0.3.34
   Compiling stable_deref_trait v1.2.1
   Compiling smallvec v1.16.2
   Compiling inout v0.2.2
   Compiling writeable v0.6.4
   Compiling foldhash v0.2.0
   Compiling socket2 v0.6.5
   Compiling errno v0.3.14
   Compiling mio v1.2.4
   Compiling crypto-common v0.2.2
   Compiling signal-hook-registry v1.4.8
   Compiling litemap v0.8.3
   Compiling semver v1.0.28
   Compiling rustc_version v0.4.1
   Compiling hashbrown v0.17.1
   Compiling icu_normalizer_data v2.3.0
   Compiling thiserror v2.0.21
   Compiling utf8_iter v1.0.4
   Compiling const-oid v0.10.2
   Compiling icu_properties_data v2.3.0
   Compiling cipher v0.5.2
   Compiling chacha20 v0.10.2
   Compiling version_check v0.9.5
   Compiling ring v0.17.14
   Compiling http v1.5.0
   Compiling bitflags v2.13.2
   Compiling generic-array v0.14.7
   Compiling base64ct v1.8.3
   Compiling percent-encoding v2.3.2
   Compiling synstructure v0.14.0
   Compiling pem-rfc7468 v1.0.0
   Compiling getrandom v0.2.17
   Compiling unicode-segmentation v1.13.3
   Compiling untrusted v0.9.0
   Compiling equivalent v1.0.2
   Compiling convert_case v0.10.0
   Compiling form_urlencoded v1.2.2
   Compiling rand v0.10.3
   Compiling digest v0.11.3
   Compiling curve25519-dalek v5.0.0
   Compiling ipnet v2.12.2
   Compiling httparse v1.10.1
   Compiling base16ct v1.0.0
   Compiling unicode-xid v0.2.6
   Compiling zeroize_derive v1.5.0
   Compiling tracing-attributes v0.1.31
   Compiling rustls v0.23.45
   Compiling derive_more-impl v2.1.1
   Compiling serde_derive v1.0.229
   Compiling tokio-macros v2.7.2
   Compiling zerofrom-derive v0.1.8
   Compiling zeroize v1.9.0
   Compiling tokio v1.53.2
   Compiling yoke-derive v0.8.4
   Compiling futures-macro v0.3.34
   Compiling zerovec-derive v0.11.6
   Compiling zerofrom v0.1.8
   Compiling futures-util v0.3.34
   Compiling displaydoc v0.2.7
   Compiling yoke v0.8.3
   Compiling thiserror-impl v2.0.21
   Compiling rustls-pki-types v1.15.1
   Compiling zerovec v0.11.8
   Compiling zerotrie v0.2.5
   Compiling der v0.8.2
   Compiling tinystr v0.8.4
   Compiling icu_locale_core v2.3.0
   Compiling potential_utf v0.1.6
   Compiling serdect v0.4.3
   Compiling icu_collections v2.3.0
   Compiling curve25519-dalek-derive v0.1.1
   Compiling once_cell v1.21.4
   Compiling spki v0.8.0
   Compiling crypto-common v0.1.7
   Compiling tracing-core v0.1.36
   Compiling icu_provider v2.3.1
   Compiling pkcs8 v0.11.0
   Compiling tracing v0.1.44
   Compiling icu_normalizer v2.3.0
   Compiling icu_properties v2.3.0
   Compiling tokio-util v0.7.19
   Compiling indexmap v2.14.2
   Compiling http-body v1.1.0
   Compiling idna_adapter v1.2.2
   Compiling signature v3.0.0
   Compiling idna v1.1.0
   Compiling atomic-waker v1.1.2
   Compiling ed25519 v3.0.0
   Compiling derive_more v2.1.1
   Compiling url v2.5.8
   Compiling n0-error-macros v1.0.1
   Compiling spez v0.1.2
   Compiling sha2 v0.11.0
   Compiling fnv v1.0.7
   Compiling try-lock v0.2.5
   Compiling tower-service v0.3.3
   Compiling want v0.3.1
   Compiling h2 v0.4.19
   Compiling n0-error v1.0.1
   Compiling ed25519-dalek v3.0.0
   Compiling heck v0.5.0
   Compiling fastrand v2.5.0
   Compiling httpdate v1.0.3
   Compiling cmov v0.5.4
   Compiling pin-project-internal v1.1.13
   Compiling ctutils v0.4.2
   Compiling blake3 v1.8.7
   Compiling n0-future v0.3.2
   Compiling sync_wrapper v1.0.2
   Compiling diatomic-waker v0.2.3
   Compiling base64 v0.23.1
   Compiling spin v0.10.1
   Compiling cordyceps v0.3.5
   Compiling parking v2.2.1
   Compiling futures-lite v2.6.1
   Compiling futures-buffered v0.2.13
   Compiling pin-project v1.1.13
   Compiling cobs v0.3.0
   Compiling postcard-derive v0.2.2
   Compiling inout v0.1.4
   Compiling noq-udp v1.3.0
   Compiling paste v1.0.15
   Compiling arrayvec v0.7.8
   Compiling tower-layer v0.3.3
   Compiling constant_time_eq v0.4.2
   Compiling cpufeatures v0.2.17
   Compiling winnow v1.0.4
   Compiling rustversion v1.0.23
   Compiling postcard v1.1.3
   Compiling hyper v1.11.1
   Compiling toml_parser v1.1.3+spec-1.1.0
   Compiling cipher v0.4.4
   Compiling http-body-util v0.1.5
   Compiling universal-hash v0.5.1
   Compiling zerocopy v0.8.59
   Compiling data-encoding v2.11.1
   Compiling opaque-debug v0.3.1
   Compiling openssl-probe v0.2.1
   Compiling zmij v1.0.23
   Compiling toml_datetime v1.1.1+spec-1.1.0
   Compiling toml_edit v0.25.15+spec-1.1.0
   Compiling hyper-util v0.1.21
   Compiling rustls-native-certs v0.8.4
   Compiling polyval v0.6.2
   Compiling tower v0.5.3
   Compiling zerocopy-derive v0.8.59
   Compiling rustc-hash v2.1.3
   Compiling ref-cast v1.0.27
   Compiling rustls-webpki v0.103.15
   Compiling serde_json v1.0.151
   Compiling dyn-clone v1.0.20
   Compiling tinyvec v1.13.3
   Compiling base64 v0.22.1
   Compiling data-encoding-macro-internal v0.1.19
   Compiling tower-http v0.6.11
   Compiling netlink-packet-core v0.8.2
   Compiling ghash v0.5.1
   Compiling proc-macro-crate v3.5.0
   Compiling ctr v0.9.2
   Compiling aes v0.8.4
   Compiling universal-hash v0.6.1
   Compiling aead v0.5.2
   Compiling ref-cast-impl v1.0.27
   Compiling serde_derive_internals v0.30.0
   Compiling lru v0.18.5
   Compiling netdev v0.46.3
   Compiling n0-dns-resolver v0.1.0
   Compiling netlink-packet-core v0.9.0
   Compiling aes-gcm v0.10.3
   Compiling schemars_derive v1.2.2
   Compiling num_enum_derive v0.7.6
   Compiling poly1305 v0.9.1
   Compiling data-encoding-macro v0.1.21
   Compiling iroh-metrics-derive v1.0.1
   Compiling strum_macros v0.28.0
   Compiling netlink-sys v0.8.8
   Compiling futures-executor v0.3.34
   Compiling webpki-roots v1.0.9
   Compiling enum-assoc v1.4.1
   Compiling simple-dns v0.12.0
   Compiling aead v0.6.1
   Compiling serde_bytes v0.11.19
   Compiling netlink-sys v0.9.0
   Compiling netwatch v0.19.3
   Compiling iroh-dns v1.3.0
   Compiling tokio-rustls v0.26.6
   Compiling rustls-platform-verifier v0.7.1
   Compiling noq v1.3.0
   Compiling rand_pcg v0.10.2
   Compiling hyper-rustls v0.27.10
   Compiling mac-addr v0.3.0
   Compiling identity-hash v0.1.0
   Compiling parking_lot_core v0.9.12
   Compiling reqwest v0.13.5
   Compiling netlink-packet-route v0.33.0
   Compiling sorted-index-buffer v0.2.1
   Compiling powerfmt v0.2.0
   Compiling ryu v1.0.23
   Compiling num-conv v0.2.2
   Compiling lru-slab v0.1.3
   Compiling xml-rs v0.8.29
   Compiling time-core v0.1.9
   Compiling sha1_smol v1.0.1
   Compiling deranged v0.5.8
   Compiling noq-proto v1.3.0
   Compiling iroh-metrics v1.0.2
   Compiling time v0.3.55
   Compiling xmltree v0.10.3
   Compiling strum v0.28.0
   Compiling chacha20poly1305 v0.11.0
   Compiling schemars v1.2.2
   Compiling iroh-base v1.3.0
   Compiling futures v0.3.34
   Compiling netlink-proto v0.12.2
   Compiling num_enum v0.7.6
   Compiling netlink-packet-route v0.31.0
   Compiling attohttpc v0.30.1
   Compiling arc-swap v1.9.2
   Compiling n0-watcher v1.0.0
   Compiling tokio-stream v0.1.19
   Compiling iroh-relay v1.3.0
   Compiling simdutf8 v0.1.5
   Compiling scopeguard v1.2.0
   Compiling lock_api v0.4.14
   Compiling tokio-websockets v0.13.3
   Compiling igd-next v0.17.1
   Compiling locust-proto v0.1.0 (/Users/andrei/Projects26/locust/output/linux-cross-0a295cdabe6a/source/crates/locust-proto)
   Compiling acto v0.8.2
   Compiling iroh v1.3.0
   Compiling seize v0.5.1
   Compiling pkg-config v0.3.34
   Compiling vcpkg v0.2.15
   Compiling papaya v0.2.5
   Compiling libsqlite3-sys v0.38.2
   Compiling parking_lot v0.12.5
   Compiling portmapper v0.19.3
   Compiling backon v1.6.0
   Compiling smol_str v0.1.24
   Compiling utf8parse v0.2.2
   Compiling crc-catalog v2.5.0
   Compiling anstyle-parse v1.0.0
   Compiling crc v3.4.0
   Compiling serde_bencode v0.2.4
   Compiling hickory-proto v0.26.3
   Compiling colorchoice v1.0.5
   Compiling rustix v1.1.5
   Compiling anstyle v1.0.14
   Compiling anstyle-query v1.1.5
   Compiling is_terminal_polyfill v1.70.2
   Compiling anstream v1.0.0
   Compiling n0-mainline v0.7.1
   Compiling swarm-discovery v0.6.3
   Compiling hashlink v0.12.2
   Compiling fallible-iterator v0.3.0
   Compiling fallible-streaming-iterator v0.1.9
   Compiling clap_lex v1.1.1
   Compiling linux-raw-sys v0.12.1
   Compiling strsim v0.11.1
   Compiling clap_builder v4.6.7
   Compiling clap_derive v4.6.7
   Compiling serde_path_to_error v0.1.20
   Compiling toml_writer v1.1.2+spec-1.1.0
   Compiling locust v0.1.0 (/Users/andrei/Projects26/locust/output/linux-cross-0a295cdabe6a/source/crates/locust)
   Compiling clap v4.6.7
   Compiling locust-core v0.1.0 (/Users/andrei/Projects26/locust/output/linux-cross-0a295cdabe6a/source/crates/locust-core)
   Compiling locust-workspace v0.1.0 (/Users/andrei/Projects26/locust/output/linux-cross-0a295cdabe6a/source/crates/locust-workspace)
   Compiling locust-adapter v0.1.0 (/Users/andrei/Projects26/locust/output/linux-cross-0a295cdabe6a/source/crates/locust-adapter)
   Compiling rusqlite v0.40.2
   Compiling locust-store v0.1.0 (/Users/andrei/Projects26/locust/output/linux-cross-0a295cdabe6a/source/crates/locust-store)
   Compiling iroh-mainline-address-lookup v0.6.0
   Compiling iroh-mdns-address-lookup v0.6.0
   Compiling locust-net v0.1.0 (/Users/andrei/Projects26/locust/output/linux-cross-0a295cdabe6a/source/crates/locust-net)
    Finished `release` profile [optimized] target(s) in 1m 50s
